// Jest Snapshot v1, https://goo.gl/fbAQLP

exports[`Snapshots should render default gradient 1`] = `
<BVLinearGradient
  colors={
    Array [
      4294967295,
      4294638330,
      4293585642,
    ]
  }
  end={
    Object {
      "x": 0.8,
      "y": 1,
    }
  }
  locations={
    Array [
      0.3,
      0.6,
      1,
    ]
  }
  start={
    Object {
      "x": 0,
      "y": 1,
    }
  }
  style={
    Object {
      "alignItems": "center",
      "height": 64,
      "justifyContent": "center",
    }
  }
/>
`;
