// Jest Snapshot v1, https://goo.gl/fbAQLP

exports[`ComposedRow Snapshots should render a simple ComposedRow 1`] = `
<View
  accessibilityComponentType={undefined}
  accessibilityLabel={undefined}
  accessibilityTraits={undefined}
  accessible={true}
  collapsable={undefined}
  hasTVPreferredFocus={undefined}
  hitSlop={undefined}
  isTVSelectable={true}
  nativeID={undefined}
  onLayout={undefined}
  onResponderGrant={[Function]}
  onResponderMove={[Function]}
  onResponderRelease={[Function]}
  onResponderTerminate={[Function]}
  onResponderTerminationRequest={[Function]}
  onStartShouldSetResponder={[Function]}
  style={
    Object {
      "flex": 1,
      "flexDirection": "row",
      "opacity": 1,
    }
  }
  testID={undefined}
  tvParallaxProperties={undefined}
/>
`;
